Flow report for TP3_chenillard
Wed May  7 11:53:49 2025
Quartus Prime Version 24.1std.0 Build 1077 03/04/2025 SC Lite Edition


---------------------
; Table of Contents ;
---------------------
  1. Legal Notice
  2. Flow Summary
  3. Flow Settings
  4. Flow Non-Default Global Settings
  5. Flow Elapsed Time
  6. Flow OS Summary
  7. Flow Log
  8. Flow Messages
  9. Flow Suppressed Messages



----------------
; Legal Notice ;
----------------
Copyright (C) 2025  Altera Corporation. All rights reserved.
Your use of Altera Corporation's design tools, logic functions 
and other software and tools, and any partner logic 
functions, and any output files from any of the foregoing 
(including device programming or simulation files), and any 
associated documentation or information are expressly subject 
to the terms and conditions of the Altera Program License 
Subscription Agreement, the Altera Quartus Prime License Agreement,
the Altera IP License Agreement, or other applicable license
agreement, including, without limitation, that your use is for
the sole purpose of programming logic devices manufactured by
Altera and sold by Altera or its authorized distributors.  Please
refer to the Altera Software License Subscription Agreements 
on the Quartus Prime software download page.



+-----------------------------------------------------------------------------------+
; Flow Summary                                                                      ;
+---------------------------------+-------------------------------------------------+
; Flow Status                     ; Successful - Wed May  7 11:53:49 2025           ;
; Quartus Prime Version           ; 24.1std.0 Build 1077 03/04/2025 SC Lite Edition ;
; Revision Name                   ; TP3_chenillard                                  ;
; Top-level Entity Name           ; toplevel                                        ;
; Family                          ; Cyclone V                                       ;
; Device                          ; 5CGXFC5C6F27C7                                  ;
; Timing Models                   ; Final                                           ;
; Logic utilization (in ALMs)     ; 14 / 29,080 ( < 1 % )                           ;
; Total registers                 ; 32                                              ;
; Total pins                      ; 15 / 364 ( 4 % )                                ;
; Total virtual pins              ; 0                                               ;
; Total block memory bits         ; 0 / 4,567,040 ( 0 % )                           ;
; Total DSP Blocks                ; 0 / 150 ( 0 % )                                 ;
; Total HSSI RX PCSs              ; 0 / 6 ( 0 % )                                   ;
; Total HSSI PMA RX Deserializers ; 0 / 6 ( 0 % )                                   ;
; Total HSSI TX PCSs              ; 0 / 6 ( 0 % )                                   ;
; Total HSSI PMA TX Serializers   ; 0 / 6 ( 0 % )                                   ;
; Total PLLs                      ; 0 / 12 ( 0 % )                                  ;
; Total DLLs                      ; 0 / 4 ( 0 % )                                   ;
+---------------------------------+-------------------------------------------------+


+-----------------------------------------+
; Flow Settings                           ;
+-------------------+---------------------+
; Option            ; Setting             ;
+-------------------+---------------------+
; Start date & time ; 05/07/2025 11:53:00 ;
; Main task         ; Compilation         ;
; Revision Name     ; TP3_chenillard      ;
+-------------------+---------------------+


+--------------------------------------------------------------------------------------------------------------------------------------------------+
; Flow Non-Default Global Settings                                                                                                                 ;
+--------------------------------------+----------------------------------------+----------------+-------------+-----------------------------------+
; Assignment Name                      ; Value                                  ; Default Value  ; Entity Name ; Section Id                        ;
+--------------------------------------+----------------------------------------+----------------+-------------+-----------------------------------+
; COMPILER_SIGNATURE_ID                ; 204544064766291.174661158002112        ; --             ; --          ; --                                ;
; EDA_DESIGN_INSTANCE_NAME             ; NA                                     ; --             ; --          ; tb_clock_divider                  ;
; EDA_DESIGN_INSTANCE_NAME             ; NA                                     ; --             ; --          ; tb_chenillard                     ;
; EDA_GENERATE_FUNCTIONAL_NETLIST      ; Off                                    ; --             ; --          ; eda_board_design_timing           ;
; EDA_GENERATE_FUNCTIONAL_NETLIST      ; Off                                    ; --             ; --          ; eda_board_design_boundary_scan    ;
; EDA_GENERATE_FUNCTIONAL_NETLIST      ; Off                                    ; --             ; --          ; eda_board_design_signal_integrity ;
; EDA_GENERATE_FUNCTIONAL_NETLIST      ; Off                                    ; --             ; --          ; eda_board_design_symbol           ;
; EDA_NATIVELINK_SIMULATION_TEST_BENCH ; tb_chenillard                          ; --             ; --          ; eda_simulation                    ;
; EDA_OUTPUT_DATA_FORMAT               ; Vhdl                                   ; --             ; --          ; eda_simulation                    ;
; EDA_SIMULATION_TOOL                  ; Questa Intel FPGA (VHDL)               ; <None>         ; --          ; --                                ;
; EDA_TEST_BENCH_ENABLE_STATUS         ; TEST_BENCH_MODE                        ; --             ; --          ; eda_simulation                    ;
; EDA_TEST_BENCH_FILE                  ; tb_clock_divider.vhd                   ; --             ; --          ; tb_clock_divider                  ;
; EDA_TEST_BENCH_FILE                  ; tb_chenillard.vhd                      ; --             ; --          ; tb_chenillard                     ;
; EDA_TEST_BENCH_MODULE_NAME           ; tb_clock_divider                       ; --             ; --          ; tb_clock_divider                  ;
; EDA_TEST_BENCH_MODULE_NAME           ; tb_chenillard                          ; --             ; --          ; tb_chenillard                     ;
; EDA_TEST_BENCH_NAME                  ; tb_clock_divider                       ; --             ; --          ; eda_simulation                    ;
; EDA_TEST_BENCH_NAME                  ; tb_chenillard                          ; --             ; --          ; eda_simulation                    ;
; EDA_TIME_SCALE                       ; 1 ps                                   ; --             ; --          ; eda_simulation                    ;
; FITTER_EFFORT                        ; Standard Fit                           ; Auto Fit       ; --          ; --                                ;
; MAX_CORE_JUNCTION_TEMP               ; 85                                     ; --             ; --          ; --                                ;
; MIN_CORE_JUNCTION_TEMP               ; 0                                      ; --             ; --          ; --                                ;
; OUTPUT_IO_TIMING_FAR_END_VMEAS       ; Half Signal Swing                      ; --             ; --          ; --                                ;
; OUTPUT_IO_TIMING_FAR_END_VMEAS       ; Half Signal Swing                      ; --             ; --          ; --                                ;
; OUTPUT_IO_TIMING_NEAR_END_VMEAS      ; Half Vccio                             ; --             ; --          ; --                                ;
; OUTPUT_IO_TIMING_NEAR_END_VMEAS      ; Half Vccio                             ; --             ; --          ; --                                ;
; PARTITION_COLOR                      ; -- (Not supported for targeted family) ; --             ; toplevel    ; Top                               ;
; PARTITION_FITTER_PRESERVATION_LEVEL  ; -- (Not supported for targeted family) ; --             ; toplevel    ; Top                               ;
; PARTITION_NETLIST_TYPE               ; -- (Not supported for targeted family) ; --             ; toplevel    ; Top                               ;
; POWER_BOARD_THERMAL_MODEL            ; None (CONSERVATIVE)                    ; --             ; --          ; --                                ;
; POWER_PRESET_COOLING_SOLUTION        ; 23 MM HEAT SINK WITH 200 LFPM AIRFLOW  ; --             ; --          ; --                                ;
; PROJECT_OUTPUT_DIRECTORY             ; output_files                           ; --             ; --          ; --                                ;
; TOP_LEVEL_ENTITY                     ; toplevel                               ; TP3_chenillard ; --          ; --                                ;
+--------------------------------------+----------------------------------------+----------------+-------------+-----------------------------------+


+--------------------------------------------------------------------------------------------------------------------------+
; Flow Elapsed Time                                                                                                        ;
+----------------------+--------------+-------------------------+---------------------+------------------------------------+
; Module Name          ; Elapsed Time ; Average Processors Used ; Peak Virtual Memory ; Total CPU Time (on all processors) ;
+----------------------+--------------+-------------------------+---------------------+------------------------------------+
; Analysis & Synthesis ; 00:00:14     ; 1.0                     ; 13369 MB            ; 00:00:25                           ;
; Fitter               ; 00:00:19     ; 1.0                     ; 14878 MB            ; 00:00:29                           ;
; Assembler            ; 00:00:06     ; 1.0                     ; 13546 MB            ; 00:00:07                           ;
; Timing Analyzer      ; 00:00:05     ; 1.2                     ; 13747 MB            ; 00:00:04                           ;
; EDA Netlist Writer   ; 00:00:01     ; 1.0                     ; 13169 MB            ; 00:00:01                           ;
; Total                ; 00:00:45     ; --                      ; --                  ; 00:01:06                           ;
+----------------------+--------------+-------------------------+---------------------+------------------------------------+


+------------------------------------------------------------------------------------+
; Flow OS Summary                                                                    ;
+----------------------+------------------+------------+------------+----------------+
; Module Name          ; Machine Hostname ; OS Name    ; OS Version ; Processor type ;
+----------------------+------------------+------------+------------+----------------+
; Analysis & Synthesis ; YVIDESTOMBE3A33  ; Windows 10 ; 10.0       ; x86_64         ;
; Fitter               ; YVIDESTOMBE3A33  ; Windows 10 ; 10.0       ; x86_64         ;
; Assembler            ; YVIDESTOMBE3A33  ; Windows 10 ; 10.0       ; x86_64         ;
; Timing Analyzer      ; YVIDESTOMBE3A33  ; Windows 10 ; 10.0       ; x86_64         ;
; EDA Netlist Writer   ; YVIDESTOMBE3A33  ; Windows 10 ; 10.0       ; x86_64         ;
+----------------------+------------------+------------+------------+----------------+


------------
; Flow Log ;
------------
quartus_map --read_settings_files=on --write_settings_files=off TP3_chenillard -c TP3_chenillard
quartus_fit --read_settings_files=off --write_settings_files=off TP3_chenillard -c TP3_chenillard
quartus_asm --read_settings_files=off --write_settings_files=off TP3_chenillard -c TP3_chenillard
quartus_sta TP3_chenillard -c TP3_chenillard
quartus_eda --read_settings_files=off --write_settings_files=off TP3_chenillard -c TP3_chenillard



