Assembler report for TP3_chenillard
Wed May  7 11:53:41 2025
Quartus Prime Version 24.1std.0 Build 1077 03/04/2025 SC Lite Edition


---------------------
; Table of Contents ;
---------------------
  1. Legal Notice
  2. Assembler Summary
  3. Assembler Settings
  4. Assembler Generated Files
  5. Assembler Device Options: C:/Users/yvidestombes/AppData/Local/quartus/TP3_chenillard/output_files/TP3_chenillard.sof
  6. Assembler Device Options: C:/Users/yvidestombes/AppData/Local/quartus/TP3_chenillard/output_files/TP3_chenillard.pof
  7. Assembler Messages



----------------
; Legal Notice ;
----------------
Copyright (C) 2025  Altera Corporation. All rights reserved.
Your use of Altera Corporation's design tools, logic functions 
and other software and tools, and any partner logic 
functions, and any output files from any of the foregoing 
(including device programming or simulation files), and any 
associated documentation or information are expressly subject 
to the terms and conditions of the Altera Program License 
Subscription Agreement, the Altera Quartus Prime License Agreement,
the Altera IP License Agreement, or other applicable license
agreement, including, without limitation, that your use is for
the sole purpose of programming logic devices manufactured by
Altera and sold by Altera or its authorized distributors.  Please
refer to the Altera Software License Subscription Agreements 
on the Quartus Prime software download page.



+---------------------------------------------------------------+
; Assembler Summary                                             ;
+-----------------------+---------------------------------------+
; Assembler Status      ; Successful - Wed May  7 11:53:41 2025 ;
; Revision Name         ; TP3_chenillard                        ;
; Top-level Entity Name ; toplevel                              ;
; Family                ; Cyclone V                             ;
; Device                ; 5CGXFC5C6F27C7                        ;
+-----------------------+---------------------------------------+


+----------------------------------+
; Assembler Settings               ;
+--------+---------+---------------+
; Option ; Setting ; Default Value ;
+--------+---------+---------------+


+--------------------------------------------------------------------------------------------+
; Assembler Generated Files                                                                  ;
+--------------------------------------------------------------------------------------------+
; File Name                                                                                  ;
+--------------------------------------------------------------------------------------------+
; C:/Users/yvidestombes/AppData/Local/quartus/TP3_chenillard/output_files/TP3_chenillard.sof ;
; C:/Users/yvidestombes/AppData/Local/quartus/TP3_chenillard/output_files/TP3_chenillard.pof ;
+--------------------------------------------------------------------------------------------+


+----------------------------------------------------------------------------------------------------------------------+
; Assembler Device Options: C:/Users/yvidestombes/AppData/Local/quartus/TP3_chenillard/output_files/TP3_chenillard.sof ;
+----------------+-----------------------------------------------------------------------------------------------------+
; Option         ; Setting                                                                                             ;
+----------------+-----------------------------------------------------------------------------------------------------+
; JTAG usercode  ; 0x007846A6                                                                                          ;
; Checksum       ; 0x007846A6                                                                                          ;
+----------------+-----------------------------------------------------------------------------------------------------+


+----------------------------------------------------------------------------------------------------------------------+
; Assembler Device Options: C:/Users/yvidestombes/AppData/Local/quartus/TP3_chenillard/output_files/TP3_chenillard.pof ;
+--------------------+-------------------------------------------------------------------------------------------------+
; Option             ; Setting                                                                                         ;
+--------------------+-------------------------------------------------------------------------------------------------+
; JTAG usercode      ; 0x00000000                                                                                      ;
; Checksum           ; 0xECE1EE31                                                                                      ;
; Compression Ratio  ; 3                                                                                               ;
+--------------------+-------------------------------------------------------------------------------------------------+


+--------------------+
; Assembler Messages ;
+--------------------+
Info: *******************************************************************
Info: Running Quartus Prime Assembler
    Info: Version 24.1std.0 Build 1077 03/04/2025 SC Lite Edition
    Info: Processing started: Wed May  7 11:53:35 2025
Info: Command: quartus_asm --read_settings_files=off --write_settings_files=off TP3_chenillard -c TP3_chenillard
Warning (18236): Number of processors has not been specified which may cause overloading on shared machines.  Set the global assignment NUM_PARALLEL_PROCESSORS in your QSF to an appropriate value for best performance.
Info (115030): Assembler is generating device programming files
Info: Quartus Prime Assembler was successful. 0 errors, 1 warning
    Info: Peak virtual memory: 13547 megabytes
    Info: Processing ended: Wed May  7 11:53:41 2025
    Info: Elapsed time: 00:00:06
    Info: Total CPU time (on all processors): 00:00:07


